c:\users\jmfra\projects\zig\blitzkrieg\sources\src\scene\release\scene.pch
c:\users\jmfra\projects\zig\blitzkrieg\sources\src\scene\release\vc145.pdb
c:\users\jmfra\projects\zig\blitzkrieg\sources\src\scene\release\stdafx.obj
c:\users\jmfra\projects\zig\blitzkrieg\sources\src\scene\release\cursor.obj
c:\users\jmfra\projects\zig\blitzkrieg\sources\src\scene\release\camera.obj
c:\users\jmfra\projects\zig\blitzkrieg\sources\src\scene\release\statsystem.obj
c:\users\jmfra\projects\zig\blitzkrieg\sources\src\scene\release\visobjbuilder.obj
c:\users\jmfra\projects\zig\blitzkrieg\sources\src\scene\release\squadvisobj.obj
c:\users\jmfra\projects\zig\blitzkrieg\sources\src\scene\release\spritevisobj.obj
c:\users\jmfra\projects\zig\blitzkrieg\sources\src\scene\release\meshvisobj.obj
c:\users\jmfra\projects\zig\blitzkrieg\sources\src\scene\release\flashvisobj.obj
c:\users\jmfra\projects\zig\blitzkrieg\sources\src\scene\release\effectvisobj.obj
c:\users\jmfra\projects\zig\blitzkrieg\sources\src\scene\release\boldlinevisobj.obj
c:\users\jmfra\projects\zig\blitzkrieg\sources\src\scene\release\icontext.obj
c:\users\jmfra\projects\zig\blitzkrieg\sources\src\scene\release\iconpic.obj
c:\users\jmfra\projects\zig\blitzkrieg\sources\src\scene\release\iconhpbar.obj
c:\users\jmfra\projects\zig\blitzkrieg\sources\src\scene\release\iconbar.obj
c:\users\jmfra\projects\zig\blitzkrieg\sources\src\scene\release\icon.obj
c:\users\jmfra\projects\zig\blitzkrieg\sources\src\scene\release\scenepick.obj
c:\users\jmfra\projects\zig\blitzkrieg\sources\src\scene\release\sceneobjectfactory.obj
c:\users\jmfra\projects\zig\blitzkrieg\sources\src\scene\release\sceneinternal.obj
c:\users\jmfra\projects\zig\blitzkrieg\sources\src\scene\release\scenedraw.obj
c:\users\jmfra\projects\zig\blitzkrieg\sources\src\scene\release\globalsloader.obj
c:\users\jmfra\projects\zig\blitzkrieg\sources\src\scene\release\riverbuilder.obj
c:\users\jmfra\projects\zig\blitzkrieg\sources\src\scene\release\transition.obj
c:\users\jmfra\projects\zig\blitzkrieg\sources\src\scene\release\fastsincos.obj
c:\users\jmfra\projects\zig\blitzkrieg\sources\src\scene\release\track.obj
c:\users\jmfra\projects\zig\blitzkrieg\sources\src\scene\release\smokinparticlesourcedata.obj
c:\users\jmfra\projects\zig\blitzkrieg\sources\src\scene\release\smokinparticlesource.obj
c:\users\jmfra\projects\zig\blitzkrieg\sources\src\scene\release\particlesourcedata.obj
c:\users\jmfra\projects\zig\blitzkrieg\sources\src\scene\release\particlemanager.obj
c:\users\jmfra\projects\zig\blitzkrieg\sources\src\scene\release\keybasedparticlesource.obj
c:\users\jmfra\projects\zig\blitzkrieg\sources\src\scene\release\binkvideoplayer.obj
c:\users\jmfra\projects\zig\blitzkrieg\sources\src\scene\release\soundsceneserialize.obj
c:\users\jmfra\projects\zig\blitzkrieg\sources\src\scene\release\soundscene.obj
c:\users\jmfra\projects\zig\blitzkrieg\sources\src\scene\release\scenesound.obj
c:\users\jmfra\projects\zig\blitzkrieg\sources\src\scene\release\cellsconglomeratecontainer.obj
c:\users\jmfra\projects\zig\blitzkrieg\sources\src\scene\release\matrixeffector.obj
c:\users\jmfra\projects\zig\blitzkrieg\sources\src\scene\release\materialeffector.obj
c:\users\jmfra\projects\zig\blitzkrieg\sources\src\scene\release\drawvisitor.obj
c:\users\jmfra\projects\zig\blitzkrieg\sources\src\scene\release\animvisitor.obj
c:\users\jmfra\projects\zig\blitzkrieg\sources\src\scene\release\frameselection.obj
c:\users\jmfra\projects\zig\blitzkrieg\sources\src\scene\release\gammaeffect.obj
c:\users\jmfra\projects\zig\blitzkrieg\sources\src\scene\release\terrasound.obj
c:\users\jmfra\projects\zig\blitzkrieg\sources\src\scene\release\terraininternal.obj
c:\users\jmfra\projects\zig\blitzkrieg\sources\src\scene\release\terradraw.obj
c:\users\jmfra\projects\zig\blitzkrieg\sources\src\scene\release\vectorobject.obj
c:\users\jmfra\projects\zig\blitzkrieg\sources\src\scene\release\terrainwater.obj
c:\users\jmfra\projects\zig\blitzkrieg\sources\src\scene\release\terrainroad.obj
c:\users\jmfra\projects\zig\blitzkrieg\sources\src\scene\release\terraineditor.obj
c:\users\jmfra\projects\zig\blitzkrieg\sources\src\scene\release\terrainbuilder.obj
c:\users\jmfra\projects\zig\blitzkrieg\sources\src\scene\release\meshbuilders.obj
c:\users\jmfra\projects\zig\blitzkrieg\sources\src\scene\release\scene.res
c:\users\jmfra\projects\zig\blitzkrieg\sources\src\scene\release\scene.exp
c:\users\jmfra\projects\zig\blitzkrieg\sources\src\scene\release\scene.tlog\cl.command.1.tlog
c:\users\jmfra\projects\zig\blitzkrieg\sources\src\scene\release\scene.tlog\cl.read.1.tlog
c:\users\jmfra\projects\zig\blitzkrieg\sources\src\scene\release\scene.tlog\cl.write.1.tlog
c:\users\jmfra\projects\zig\blitzkrieg\sources\src\scene\release\scene.tlog\link-cvtres.read.1.tlog
c:\users\jmfra\projects\zig\blitzkrieg\sources\src\scene\release\scene.tlog\link-cvtres.write.1.tlog
c:\users\jmfra\projects\zig\blitzkrieg\sources\src\scene\release\scene.tlog\link-rc.read.1.tlog
c:\users\jmfra\projects\zig\blitzkrieg\sources\src\scene\release\scene.tlog\link-rc.write.1.tlog
c:\users\jmfra\projects\zig\blitzkrieg\sources\src\scene\release\scene.tlog\link.command.1.tlog
c:\users\jmfra\projects\zig\blitzkrieg\sources\src\scene\release\scene.tlog\link.read.1.tlog
c:\users\jmfra\projects\zig\blitzkrieg\sources\src\scene\release\scene.tlog\link.write.1.tlog
c:\users\jmfra\projects\zig\blitzkrieg\sources\src\scene\release\scene.tlog\rc.command.1.tlog
c:\users\jmfra\projects\zig\blitzkrieg\sources\src\scene\release\scene.tlog\rc.read.1.tlog
c:\users\jmfra\projects\zig\blitzkrieg\sources\src\scene\release\scene.tlog\rc.write.1.tlog
