  StdAfx.cpp
  CommonFileSystem.cpp
  DataBase.cpp
  DataTableXML.cpp
  DataTreeXML.cpp
C:\Users\jmfra\Projects\Zig\Blitzkrieg\Sources\src\StreamIOLib\DataTableXML.cpp(142,18): error C2672: 'std::find': no matching overloaded function found
  (compiling source file '/DataTableXML.cpp')
      C:\Program Files\Microsoft Visual Studio\18\Insiders\VC\Tools\MSVC\14.51.36231\include\xutility(6488,31):
      could be '_InIt std::find(_InIt,const _InIt,const _Ty &)'
          C:\Users\jmfra\Projects\Zig\Blitzkrieg\Sources\src\StreamIOLib\DataTableXML.cpp(142,18):
          '_InIt std::find(_InIt,const _InIt,const _Ty &)': template parameter '_InIt' is ambiguous
              C:\Users\jmfra\Projects\Zig\Blitzkrieg\Sources\src\StreamIOLib\DataTableXML.cpp(142,18):
              could be '_Ty *'
          with
          [
              _Ty=char
          ]
              C:\Users\jmfra\Projects\Zig\Blitzkrieg\Sources\src\StreamIOLib\DataTableXML.cpp(142,18):
              or       'const char *'
          C:\Users\jmfra\Projects\Zig\Blitzkrieg\Sources\src\StreamIOLib\DataTableXML.cpp(142,18):
          '_InIt std::find(_InIt,const _InIt,const _Ty &)': could not deduce template argument for 'const _InIt' from '_Ty *'
          with
          [
              _Ty=char
          ]
  
  FileSystem.cpp
  GetSLS.cpp
  IniFile.cpp
  MemFileSystem.cpp
  ModFileSystem.cpp
  SaveLoadSystem.cpp
  Singleton.cpp
  Streams.cpp
  StructureSaver2.cpp
  ZipFile.cpp
  ZipFileSystem.cpp
  Generating Code...
  Compiler terminating.  Please wait.. Abort complete.
