c:\users\jmfra\projects\zig\blitzkrieg\sources\src\streamiolib\release\streamiolib.pch
c:\users\jmfra\projects\zig\blitzkrieg\sources\src\streamiolib\release\streamiolib.pdb
c:\users\jmfra\projects\zig\blitzkrieg\sources\src\streamiolib\release\stdafx.obj
c:\users\jmfra\projects\zig\blitzkrieg\sources\src\streamiolib\release\singleton.obj
c:\users\jmfra\projects\zig\blitzkrieg\sources\src\streamiolib\release\datatreexml.obj
c:\users\jmfra\projects\zig\blitzkrieg\sources\src\streamiolib\release\structuresaver2.obj
c:\users\jmfra\projects\zig\blitzkrieg\sources\src\streamiolib\release\streams.obj
c:\users\jmfra\projects\zig\blitzkrieg\sources\src\streamiolib\release\datatablexml.obj
c:\users\jmfra\projects\zig\blitzkrieg\sources\src\streamiolib\release\inifile.obj
c:\users\jmfra\projects\zig\blitzkrieg\sources\src\streamiolib\release\database.obj
c:\users\jmfra\projects\zig\blitzkrieg\sources\src\streamiolib\release\saveloadsystem.obj
c:\users\jmfra\projects\zig\blitzkrieg\sources\src\streamiolib\release\modfilesystem.obj
c:\users\jmfra\projects\zig\blitzkrieg\sources\src\streamiolib\release\memfilesystem.obj
c:\users\jmfra\projects\zig\blitzkrieg\sources\src\streamiolib\release\getsls.obj
c:\users\jmfra\projects\zig\blitzkrieg\sources\src\streamiolib\release\filesystem.obj
c:\users\jmfra\projects\zig\blitzkrieg\sources\src\streamiolib\release\commonfilesystem.obj
c:\users\jmfra\projects\zig\blitzkrieg\sources\src\streamiolib\release\zipfilesystem.obj
c:\users\jmfra\projects\zig\blitzkrieg\sources\src\streamiolib\release\zipfile.obj
c:\users\jmfra\projects\zig\blitzkrieg\sources\src\streamiolib\release\streamiolib.lib
c:\users\jmfra\projects\zig\blitzkrieg\sources\src\streamiolib\release\msxml3.tli
c:\users\jmfra\projects\zig\blitzkrieg\sources\src\streamiolib\release\msxml3.tlh
c:\users\jmfra\projects\zig\blitzkrieg\sources\src\streamiolib\release\streamiolib.tlog\cl.command.1.tlog
c:\users\jmfra\projects\zig\blitzkrieg\sources\src\streamiolib\release\streamiolib.tlog\cl.items.tlog
c:\users\jmfra\projects\zig\blitzkrieg\sources\src\streamiolib\release\streamiolib.tlog\cl.read.1.tlog
c:\users\jmfra\projects\zig\blitzkrieg\sources\src\streamiolib\release\streamiolib.tlog\cl.write.1.tlog
c:\users\jmfra\projects\zig\blitzkrieg\sources\src\streamiolib\release\streamiolib.tlog\lib-link.write.1.tlog
c:\users\jmfra\projects\zig\blitzkrieg\sources\src\streamiolib\release\streamiolib.tlog\lib.command.1.tlog
c:\users\jmfra\projects\zig\blitzkrieg\sources\src\streamiolib\release\streamiolib.tlog\lib.read.1.tlog
