  StdAfx.cpp
  AnimObjectFactory.cpp
C:\Users\jmfra\Projects\Zig\Blitzkrieg\Sources\src\Anim\MeshAnimation.h(369,9): error C2666: 'CPtr<SMeshAnimationData>::operator !=': overloaded functions have similar conversions
  (compiling source file '/AnimObjectFactory.cpp')
      C:\Users\jmfra\Projects\Zig\Blitzkrieg\Sources\src\Misc\Basic.h(588,1):
      could be 'bool CPtr<SMeshAnimationData>::operator !=(const CPtr<SMeshAnimationData> &) const'
      C:\Users\jmfra\Projects\Zig\Blitzkrieg\Sources\src\Anim\MeshAnimation.h(369,9):
      or       'built-in C++ operator!=(TUserObj *, TUserObj *)'
          with
          [
              TUserObj=SMeshAnimationData
          ]
      C:\Users\jmfra\Projects\Zig\Blitzkrieg\Sources\src\Anim\MeshAnimation.h(369,9):
      while trying to match the argument list '(CPtr<SMeshAnimationData>, int)'
  
C:\Users\jmfra\Projects\Zig\Blitzkrieg\Sources\src\Anim\SpriteAnimation.h(21,9): error C2666: 'CPtr<SSpriteAnimationFormat>::operator !=': overloaded functions have similar conversions
  (compiling source file '/AnimObjectFactory.cpp')
      C:\Users\jmfra\Projects\Zig\Blitzkrieg\Sources\src\Misc\Basic.h(588,1):
      could be 'bool CPtr<SSpriteAnimationFormat>::operator !=(const CPtr<SSpriteAnimationFormat> &) const'
      C:\Users\jmfra\Projects\Zig\Blitzkrieg\Sources\src\Anim\SpriteAnimation.h(21,9):
      or       'built-in C++ operator!=(TUserObj *, TUserObj *)'
          with
          [
              TUserObj=SSpriteAnimationFormat
          ]
      C:\Users\jmfra\Projects\Zig\Blitzkrieg\Sources\src\Anim\SpriteAnimation.h(21,9):
      while trying to match the argument list '(CPtr<SSpriteAnimationFormat>, int)'
  
  AnimationManager.cpp
C:\Users\jmfra\Projects\Zig\Blitzkrieg\Sources\src\Anim\MeshAnimation.h(369,9): error C2666: 'CPtr<SMeshAnimationData>::operator !=': overloaded functions have similar conversions
  (compiling source file '/AnimationManager.cpp')
      C:\Users\jmfra\Projects\Zig\Blitzkrieg\Sources\src\Misc\Basic.h(588,1):
      could be 'bool CPtr<SMeshAnimationData>::operator !=(const CPtr<SMeshAnimationData> &) const'
      C:\Users\jmfra\Projects\Zig\Blitzkrieg\Sources\src\Anim\MeshAnimation.h(369,9):
      or       'built-in C++ operator!=(TUserObj *, TUserObj *)'
          with
          [
              TUserObj=SMeshAnimationData
          ]
      C:\Users\jmfra\Projects\Zig\Blitzkrieg\Sources\src\Anim\MeshAnimation.h(369,9):
      while trying to match the argument list '(CPtr<SMeshAnimationData>, int)'
  
C:\Users\jmfra\Projects\Zig\Blitzkrieg\Sources\src\Anim\SpriteAnimation.h(21,9): error C2666: 'CPtr<SSpriteAnimationFormat>::operator !=': overloaded functions have similar conversions
  (compiling source file '/AnimationManager.cpp')
      C:\Users\jmfra\Projects\Zig\Blitzkrieg\Sources\src\Misc\Basic.h(588,1):
      could be 'bool CPtr<SSpriteAnimationFormat>::operator !=(const CPtr<SSpriteAnimationFormat> &) const'
      C:\Users\jmfra\Projects\Zig\Blitzkrieg\Sources\src\Anim\SpriteAnimation.h(21,9):
      or       'built-in C++ operator!=(TUserObj *, TUserObj *)'
          with
          [
              TUserObj=SSpriteAnimationFormat
          ]
      C:\Users\jmfra\Projects\Zig\Blitzkrieg\Sources\src\Anim\SpriteAnimation.h(21,9):
      while trying to match the argument list '(CPtr<SSpriteAnimationFormat>, int)'
  
  GlobalsLoader.cpp
  MatrixEffectorJogging.cpp
  MatrixEffectorLeveling.cpp
  MeshAnimation.cpp
C:\Users\jmfra\Projects\Zig\Blitzkrieg\Sources\src\Anim\MeshAnimation.h(369,9): error C2666: 'CPtr<SMeshAnimationData>::operator !=': overloaded functions have similar conversions
  (compiling source file '/MeshAnimation.cpp')
      C:\Users\jmfra\Projects\Zig\Blitzkrieg\Sources\src\Misc\Basic.h(588,1):
      could be 'bool CPtr<SMeshAnimationData>::operator !=(const CPtr<SMeshAnimationData> &) const'
      C:\Users\jmfra\Projects\Zig\Blitzkrieg\Sources\src\Anim\MeshAnimation.h(369,9):
      or       'built-in C++ operator!=(TUserObj *, TUserObj *)'
          with
          [
              TUserObj=SMeshAnimationData
          ]
      C:\Users\jmfra\Projects\Zig\Blitzkrieg\Sources\src\Anim\MeshAnimation.h(369,9):
      while trying to match the argument list '(CPtr<SMeshAnimationData>, int)'
  
C:\Users\jmfra\Projects\Zig\Blitzkrieg\Sources\src\Anim\MeshAnimation.cpp(17,7): error C2666: 'CPtr<IDataStream>::operator ==': overloaded functions have similar conversions
  (compiling source file '/MeshAnimation.cpp')
      C:\Users\jmfra\Projects\Zig\Blitzkrieg\Sources\src\Misc\Basic.h(588,1):
      could be 'bool CPtr<IDataStream>::operator ==(const CPtr<IDataStream> &) const'
      C:\Users\jmfra\Projects\Zig\Blitzkrieg\Sources\src\Anim\MeshAnimation.cpp(17,7):
      or       'built-in C++ operator==(TUserObj *, TUserObj *)'
          with
          [
              TUserObj=IDataStream
          ]
      C:\Users\jmfra\Projects\Zig\Blitzkrieg\Sources\src\Anim\MeshAnimation.cpp(17,7):
      while trying to match the argument list '(CPtr<IDataStream>, int)'
  
C:\Users\jmfra\Projects\Zig\Blitzkrieg\Sources\src\Anim\MeshAnimation.cpp(64,7): error C2666: 'CPtr<IDataStream>::operator ==': overloaded functions have similar conversions
  (compiling source file '/MeshAnimation.cpp')
      C:\Users\jmfra\Projects\Zig\Blitzkrieg\Sources\src\Misc\Basic.h(588,1):
      could be 'bool CPtr<IDataStream>::operator ==(const CPtr<IDataStream> &) const'
      C:\Users\jmfra\Projects\Zig\Blitzkrieg\Sources\src\Anim\MeshAnimation.cpp(64,7):
      or       'built-in C++ operator==(TUserObj *, TUserObj *)'
          with
          [
              TUserObj=IDataStream
          ]
      C:\Users\jmfra\Projects\Zig\Blitzkrieg\Sources\src\Anim\MeshAnimation.cpp(64,7):
      while trying to match the argument list '(CPtr<IDataStream>, int)'
  
  SpriteAnimation.cpp
C:\Users\jmfra\Projects\Zig\Blitzkrieg\Sources\src\Anim\SpriteAnimation.h(21,9): error C2666: 'CPtr<SSpriteAnimationFormat>::operator !=': overloaded functions have similar conversions
  (compiling source file '/SpriteAnimation.cpp')
      C:\Users\jmfra\Projects\Zig\Blitzkrieg\Sources\src\Misc\Basic.h(588,1):
      could be 'bool CPtr<SSpriteAnimationFormat>::operator !=(const CPtr<SSpriteAnimationFormat> &) const'
      C:\Users\jmfra\Projects\Zig\Blitzkrieg\Sources\src\Anim\SpriteAnimation.h(21,9):
      or       'built-in C++ operator!=(TUserObj *, TUserObj *)'
          with
          [
              TUserObj=SSpriteAnimationFormat
          ]
      C:\Users\jmfra\Projects\Zig\Blitzkrieg\Sources\src\Anim\SpriteAnimation.h(21,9):
      while trying to match the argument list '(CPtr<SSpriteAnimationFormat>, int)'
  
  Generating Code...
