  StdAfx.cpp
  GlobalsLoader.cpp
  AILogicObjectFactory.cpp
  DifficultyLevel.cpp
  AIWarFog.cpp
C:\Program Files\Microsoft Visual Studio\18\Insiders\VC\Tools\MSVC\14.51.36231\include\xutility(6479,13): error C2666: 'CObj<CExistingObject>::operator ==': overloaded functions have similar conversions
  (compiling source file '/AIWarFog.cpp')
      C:\Users\jmfra\Projects\Zig\Blitzkrieg\Sources\src\Misc\Basic.h(593,1):
      could be 'bool CObj<CExistingObject>::operator ==(const CObj<CExistingObject> &) const'
      C:\Program Files\Microsoft Visual Studio\18\Insiders\VC\Tools\MSVC\14.51.36231\include\xutility(6479,13):
      or       'built-in C++ operator==(TUserObj *, TUserObj *)'
          with
          [
              TUserObj=CExistingObject
          ]
      C:\Program Files\Microsoft Visual Studio\18\Insiders\VC\Tools\MSVC\14.51.36231\include\xutility(6479,13):
      while trying to match the argument list '(CObj<CExistingObject>, const _Ty)'
          with
          [
              _Ty=CExistingObject *
          ]
      C:\Program Files\Microsoft Visual Studio\18\Insiders\VC\Tools\MSVC\14.51.36231\include\xutility(6479,13):
      the template instantiation context (the oldest one first) is
          C:\Users\jmfra\Projects\Zig\Blitzkrieg\Sources\src\AILogic\AIWarFog.cpp(403,37):
          see reference to function template instantiation '_InIt std::find<std::_List_iterator<std::_List_val<std::_List_simple_types<_Ty>>>,CExistingObject*>(_InIt,const _InIt,CExistingObject *const &)' being compiled
          with
          [
              _InIt=std::_List_iterator<std::_List_val<std::_List_simple_types<CObj<CExistingObject>>>>,
              _Ty=CObj<CExistingObject>
          ]
          C:\Program Files\Microsoft Visual Studio\18\Insiders\VC\Tools\MSVC\14.51.36231\include\xutility(6493,41):
          see reference to function template instantiation '_InIt std::_Find_unchecked<std::_List_unchecked_iterator<std::_List_val<std::_List_simple_types<_Ty>>>,CExistingObject*>(_InIt,const _InIt,CExistingObject *const &)' being compiled
          with
          [
              _InIt=std::_List_unchecked_iterator<std::_List_val<std::_List_simple_types<CObj<CExistingObject>>>>,
              _Ty=CObj<CExistingObject>
          ]
  
  WarFogSerialize.cpp
  PathUnit.cpp
  PathUnitSerialize.cpp
  TrainPathUnit.cpp
  CollisionInternal.cpp
  CollisionInternalSerialize.cpp
  StandartPath.cpp
  StandartSmoothMechPath.cpp
  StandartSmoothSoldierPath.cpp
  PlanePath.cpp
  ArtilleryPaths.cpp
  ParatrooperPath.cpp
  PresizePath.cpp
  TrainPath.cpp
  TankPitPath.cpp
  PathInternalSerialize.cpp
  Generating Code...
  Compiling...
  PathFinderInternal.cpp
  TrainPathFinder.cpp
  PathFindersSerialize.cpp
  PathSearchFuncs.cpp
  PointChecking.cpp
  Commands.cpp
  CommandsSerialize.cpp
  Guns.cpp
  GunsSerialize.cpp
  HitsStore.cpp
  HitsStoreSerialize.cpp
  MountedGun.cpp
  MountedGunsSerialize.cpp
  Shell.cpp
C:\Program Files\Microsoft Visual Studio\18\Insiders\VC\Tools\MSVC\14.51.36231\include\type_traits(2545,54): error C2593: 'operator <' is ambiguous
  (compiling source file '/Shell.cpp')
      C:\Users\jmfra\Projects\Zig\Blitzkrieg\Sources\src\Misc\Basic.h(591,1):
      could be 'bool CPtr<CInvisShell>::operator <(const CPtr<CInvisShell> &) const'
      C:\Users\jmfra\Projects\Zig\Blitzkrieg\Sources\src\AILogic\Shell.h(306,13):
      or       'bool operator <(const CPtr<CInvisShell> &,const CPtr<CInvisShell> &)' [found using argument-dependent lookup]
      C:\Program Files\Microsoft Visual Studio\18\Insiders\VC\Tools\MSVC\14.51.36231\include\type_traits(2545,54):
      or       'built-in C++ operator<(TUserObj *, TUserObj *)'
          with
          [
              TUserObj=CInvisShell
          ]
      C:\Program Files\Microsoft Visual Studio\18\Insiders\VC\Tools\MSVC\14.51.36231\include\type_traits(2545,54):
      while trying to match the argument list '(const _Ty, const _Ty)'
          with
          [
              _Ty=CPtr<CInvisShell>
          ]
      C:\Program Files\Microsoft Visual Studio\18\Insiders\VC\Tools\MSVC\14.51.36231\include\type_traits(2545,54):
      the template instantiation context (the oldest one first) is
          C:\Users\jmfra\Projects\Zig\Blitzkrieg\Sources\src\AILogic\Shell.h(351,43):
          see reference to class template instantiation 'std::priority_queue<CPtr<CInvisShell>,std::vector<CPtr<CInvisShell>,std::allocator<CPtr<CInvisShell>>>,std::less<_Ty>>' being compiled
          with
          [
              _Ty=CPtr<CInvisShell>
          ]
          C:\Program Files\Microsoft Visual Studio\18\Insiders\VC\Tools\MSVC\14.51.36231\include\queue(391,10):
          while compiling class template member function 'void std::priority_queue<CPtr<CInvisShell>,std::vector<CPtr<CInvisShell>,std::allocator<CPtr<CInvisShell>>>,std::less<_Ty>>::push(CPtr<CInvisShell> &&)'
          with
          [
              _Ty=CPtr<CInvisShell>
          ]
              C:\Users\jmfra\Projects\Zig\Blitzkrieg\Sources\src\AILogic\Shell.cpp(510,18):
              see the first reference to 'std::priority_queue<CPtr<CInvisShell>,std::vector<CPtr<CInvisShell>,std::allocator<CPtr<CInvisShell>>>,std::less<_Ty>>::push' in 'CShellsStore::AddShell'
          with
          [
              _Ty=CPtr<CInvisShell>
          ]
          C:\Program Files\Microsoft Visual Studio\18\Insiders\VC\Tools\MSVC\14.51.36231\include\queue(393,14):
          see reference to function template instantiation 'void std::push_heap<std::_Vector_iterator<std::_Vector_val<std::_Simple_types<_Ty>>>,_Fn>(_RanIt,_RanIt,_Pr)' being compiled
          with
          [
              _Ty=CPtr<CInvisShell>,
              _Fn=std::less<CPtr<CInvisShell>>,
              _RanIt=std::_Vector_iterator<std::_Vector_val<std::_Simple_types<CPtr<CInvisShell>>>>,
              _Pr=std::less<CPtr<CInvisShell>>
          ]
          C:\Program Files\Microsoft Visual Studio\18\Insiders\VC\Tools\MSVC\14.51.36231\include\__msvc_heap_algorithms.hpp(46,14):
          see reference to function template instantiation 'void std::_Push_heap_by_index<CPtr<CInvisShell>*,CPtr<CInvisShell>,_Fn>(_RanIt,int,int,_Ty &&,_Pr)' being compiled
          with
          [
              _Fn=std::less<CPtr<CInvisShell>>,
              _RanIt=CPtr<CInvisShell> *,
              _Ty=CPtr<CInvisShell>,
              _Pr=std::less<CPtr<CInvisShell>>
          ]
  
  ShellSerialize.cpp
C:\Program Files\Microsoft Visual Studio\18\Insiders\VC\Tools\MSVC\14.51.36231\include\type_traits(2545,54): error C2593: 'operator <' is ambiguous
  (compiling source file '/ShellSerialize.cpp')
      C:\Users\jmfra\Projects\Zig\Blitzkrieg\Sources\src\Misc\Basic.h(591,1):
      could be 'bool CPtr<CInvisShell>::operator <(const CPtr<CInvisShell> &) const'
      C:\Users\jmfra\Projects\Zig\Blitzkrieg\Sources\src\AILogic\Shell.h(306,13):
      or       'bool operator <(const CPtr<CInvisShell> &,const CPtr<CInvisShell> &)' [found using argument-dependent lookup]
      C:\Program Files\Microsoft Visual Studio\18\Insiders\VC\Tools\MSVC\14.51.36231\include\type_traits(2545,54):
      or       'built-in C++ operator<(TUserObj *, TUserObj *)'
          with
          [
              TUserObj=CInvisShell
          ]
      C:\Program Files\Microsoft Visual Studio\18\Insiders\VC\Tools\MSVC\14.51.36231\include\type_traits(2545,54):
      while trying to match the argument list '(const _Ty, const _Ty)'
          with
          [
              _Ty=CPtr<CInvisShell>
          ]
      C:\Program Files\Microsoft Visual Studio\18\Insiders\VC\Tools\MSVC\14.51.36231\include\type_traits(2545,54):
      the template instantiation context (the oldest one first) is
          C:\Users\jmfra\Projects\Zig\Blitzkrieg\Sources\src\AILogic\Shell.h(351,43):
          see reference to class template instantiation 'std::priority_queue<CPtr<CInvisShell>,std::vector<CPtr<CInvisShell>,std::allocator<CPtr<CInvisShell>>>,std::less<_Ty>>' being compiled
          with
          [
              _Ty=CPtr<CInvisShell>
          ]
          C:\Program Files\Microsoft Visual Studio\18\Insiders\VC\Tools\MSVC\14.51.36231\include\queue(386,10):
          while compiling class template member function 'void std::priority_queue<CPtr<CInvisShell>,std::vector<CPtr<CInvisShell>,std::allocator<CPtr<CInvisShell>>>,std::less<_Ty>>::push(const CPtr<CInvisShell> &)'
          with
          [
              _Ty=CPtr<CInvisShell>
          ]
              C:\Users\jmfra\Projects\Zig\Blitzkrieg\Sources\src\StreamIO\SSHelper.h(407,14):
              see the first reference to 'std::priority_queue<CPtr<CInvisShell>,std::vector<CPtr<CInvisShell>,std::allocator<CPtr<CInvisShell>>>,std::less<_Ty>>::push' in 'CSaverAccessor::DoPriorityQueue'
          with
          [
              _Ty=CPtr<CInvisShell>
          ]
              C:\Users\jmfra\Projects\Zig\Blitzkrieg\Sources\src\StreamIO\SSHelper.h(200,4):
              see the first reference to 'CSaverAccessor::DoPriorityQueue' in 'CSaverAccessor::AddInternal'
              C:\Users\jmfra\Projects\Zig\Blitzkrieg\Sources\src\StreamIO\SSHelper.h(431,47):
              see the first reference to 'CSaverAccessor::AddInternal' in 'CSaverAccessor::Add'
          C:\Program Files\Microsoft Visual Studio\18\Insiders\VC\Tools\MSVC\14.51.36231\include\queue(388,14):
          see reference to function template instantiation 'void std::push_heap<std::_Vector_iterator<std::_Vector_val<std::_Simple_types<_Ty>>>,_Fn>(_RanIt,_RanIt,_Pr)' being compiled
          with
          [
              _Ty=CPtr<CInvisShell>,
              _Fn=std::less<CPtr<CInvisShell>>,
              _RanIt=std::_Vector_iterator<std::_Vector_val<std::_Simple_types<CPtr<CInvisShell>>>>,
              _Pr=std::less<CPtr<CInvisShell>>
          ]
          C:\Program Files\Microsoft Visual Studio\18\Insiders\VC\Tools\MSVC\14.51.36231\include\__msvc_heap_algorithms.hpp(46,14):
          see reference to function template instantiation 'void std::_Push_heap_by_index<CPtr<CInvisShell>*,CPtr<CInvisShell>,_Fn>(_RanIt,int,int,_Ty &&,_Pr)' being compiled
          with
          [
              _Fn=std::less<CPtr<CInvisShell>>,
              _RanIt=CPtr<CInvisShell> *,
              _Ty=CPtr<CInvisShell>,
              _Pr=std::less<CPtr<CInvisShell>>
          ]
  
  Turret.cpp
  TurretSerialize.cpp
  UnitGuns.cpp
  GridCreation.cpp
  GroupLogic.cpp
  Generating Code...
  Compiling...
  GroupLogicSerialize.cpp
  UnitsSegments.cpp
  Behaviour.cpp
  BehaviourSerialize.cpp
  FreeFireManager.cpp
  FreeFireManagerSerialize.cpp
  RndRunUpToEnemy.cpp
  Artillery.cpp
  Aviation.cpp
  Soldier.cpp
  Technics.cpp
  AnimUnitMech.cpp
  AnimUnitSerialize.cpp
  AnimUnitSoldier.cpp
  Units.cpp
  UnitsIterators.cpp
  UnitsSerialize.cpp
  AIUnit.cpp
  AIUnitInfoForGeneral.cpp
  AIUnitSerialize.cpp
  Generating Code...
  Compiling...
  BasePathUnit.cpp
  CommonUnit.cpp
  QueueUnit.cpp
  ScanLimiter.cpp
  AIEditorInternal.cpp
  AIEditorSerialize.cpp
  AILogicInternal.cpp
  AILogicSerialize.cpp
  Cheats.cpp
  GlobalObjects.cpp
  StaticMembers.cpp
  AIStaticMap.cpp
  AIStaticMapSerialize.cpp
  AIGeometry.cpp
  AIGeometryDebug.cpp
  BetaSpline3D.cpp
  CLockWithUnlockPossibilities.cpp
  ListsSet.cpp
  MemoryConsumeCheck.cpp
  Probability.cpp
  Generating Code...
  Compiling...
  RectTiles.cpp
  TimeCounter.cpp
  Trigonometry.cpp
  Scripts.cpp
  ScriptsSerialize.cpp
  AAFeedBacks.cpp
  SuspendedUpdates.cpp
  SuspendedUpdatesSerialize.cpp
  UpdatableObject.cpp
  Updater.cpp
  UpdaterSerialize.cpp
C:\Users\jmfra\Projects\Zig\Blitzkrieg\Sources\src\AILogic\UpdaterSerialize.cpp(55,16): warning C4267: 'argument': conversion from 'size_t' to 'const SSChunkID', possible loss of data
  (compiling source file '/UpdaterSerialize.cpp')
  
C:\Users\jmfra\Projects\Zig\Blitzkrieg\Sources\src\AILogic\UpdaterSerialize.cpp(57,16): warning C4267: 'argument': conversion from 'size_t' to 'const SSChunkID', possible loss of data
  (compiling source file '/UpdaterSerialize.cpp')
  
  LinkObject.cpp
  LinkObjectSerialize.cpp
  Formation.cpp
  FormationSerialize.cpp
  Diplomacy.cpp
  InBuildingStates.cpp
  InEntrenchmentStates.cpp
  InTransportStates.cpp
  SoldierStates.cpp
  Generating Code...
C:\Users\jmfra\Projects\Zig\Blitzkrieg\Sources\src\AILogic\Formation.cpp(1027,1): warning C4700: uninitialized local variable 'res' used
  Compiling...
  SoldierStatesSerialize.cpp
  PlaneStates.cpp
  PlaneStatesSerialize.cpp
  TankStates.cpp
  TankStatesSerialize.cpp
  TransportEngineerStates.cpp
C:\Users\jmfra\Projects\Zig\Blitzkrieg\Sources\src\AILogic\TransportEngineerStates.cpp(323,7): warning C4858: discarding return value: The 'unique' algorithm returns the iterator past the last element that should be kept. You need to call container.erase(result, container.end()) afterwards.
  (compiling source file '/TransportEngineerStates.cpp')
  
  TransportStates.cpp
  TransportStatesSerialize.cpp
  CommonStates.cpp
  CommonStatesSerialize.cpp
  FormationEngineerStates.cpp
  FormationStates.cpp
  FormationStatesSerialize.cpp
  ArtilleryStates.cpp
  ArtilleryStatesSerialize.cpp
  ArtRocketStates.cpp
  ArtRocketStatesSerialize.cpp
  TechnicStates.cpp
  UnitStates.cpp
  EntrenchmentCreation.cpp
  Generating Code...
  Compiling...
  UnitCreation.cpp
  AntiArtillery.cpp
  AntiArtilleryManager.cpp
  AntiArtillerySerialize.cpp
  AckManager.cpp
  AIConsts.cpp
  DamageToEnemyUpdater.cpp
  ShootEstimatorInternal.cpp
  ShootEstimatorSerialize.cpp
  CombatEstimator.cpp
  Statistics.cpp
  Commander.cpp
  EnemyRememberer.cpp
  GeneralAirForce.cpp
  GeneralArtillery.cpp
  GeneralConsts.cpp
  GeneralHelper.cpp
  GeneralIntendant.cpp
  GeneralInternal.cpp
  GeneralSerialize.cpp
  Generating Code...
  Compiling...
  GeneralTasks.cpp
  Resistance.cpp
  SupremeBeing.cpp
  Graph.cpp
  GraphSerialize.cpp
  RailroadGraph.cpp
  RailroadsSerialize.cpp
  ObstacleInternal.cpp
  ObstaclesSerialize.cpp
  StaticObjects.cpp
  StaticObjectsIters.cpp
  ArtilleryBulletStorage.cpp
  Bridge.cpp
  Building.cpp
C:\Users\jmfra\Projects\Zig\Blitzkrieg\Sources\src\AILogic\Building.cpp(66,39): warning C4293: '<<': shift count negative or too big, undefined behavior
  (compiling source file '/Building.cpp')
  
  Entrenchment.cpp
  Fence.cpp
  Flag.cpp
  Mine.cpp
  RotatingFireplacesObject.cpp
  SmokeScreen.cpp
  Generating Code...
  Compiling...
  StaticObject.cpp
  StormableObject.cpp
  StaticObjectsSerialize.cpp
  MultiplayerInfo.cpp
  Weather.cpp
  Graveyard.cpp
  GraveyardSerialize.cpp
  AIHashFuncs.cpp
  Generating Code...
