  StdAfx.cpp
  GlobalsLoader.cpp
  SampleSounds.cpp
C:\Users\jmfra\Projects\Zig\Blitzkrieg\Sources\src\SFX\SampleSounds.cpp(37,7): error C2666: 'CPtr<IDataStream>::operator ==': overloaded functions have similar conversions
  (compiling source file '/SampleSounds.cpp')
      C:\Users\jmfra\Projects\Zig\Blitzkrieg\Sources\src\Misc\Basic.h(588,1):
      could be 'bool CPtr<IDataStream>::operator ==(const CPtr<IDataStream> &) const'
      C:\Users\jmfra\Projects\Zig\Blitzkrieg\Sources\src\SFX\SampleSounds.cpp(37,7):
      or       'built-in C++ operator==(TUserObj *, TUserObj *)'
          with
          [
              TUserObj=IDataStream
          ]
      C:\Users\jmfra\Projects\Zig\Blitzkrieg\Sources\src\SFX\SampleSounds.cpp(37,7):
      while trying to match the argument list '(CPtr<IDataStream>, int)'
  
  SoundEngine.cpp
  SoundManager.cpp
C:\Users\jmfra\Projects\Zig\Blitzkrieg\Sources\src\Misc\BasicShare.h(104,12): error C2666: 'CObj<TValue>::operator ==': overloaded functions have similar conversions
C:\Users\jmfra\Projects\Zig\Blitzkrieg\Sources\src\Misc\BasicShare.h(104,12): error C2666:         with
C:\Users\jmfra\Projects\Zig\Blitzkrieg\Sources\src\Misc\BasicShare.h(104,12): error C2666:         [
C:\Users\jmfra\Projects\Zig\Blitzkrieg\Sources\src\Misc\BasicShare.h(104,12): error C2666:             TValue=CSoundSample
C:\Users\jmfra\Projects\Zig\Blitzkrieg\Sources\src\Misc\BasicShare.h(104,12): error C2666:         ]
  (compiling source file '/SoundManager.cpp')
      C:\Users\jmfra\Projects\Zig\Blitzkrieg\Sources\src\Misc\Basic.h(590,1):
      could be 'bool CObj<TValue>::operator ==(const CObj<TValue> &) const'
          with
          [
              TValue=CSoundSample
          ]
      C:\Users\jmfra\Projects\Zig\Blitzkrieg\Sources\src\Misc\BasicShare.h(104,12):
      or       'built-in C++ operator==(TUserObj *, TUserObj *)'
          with
          [
              TUserObj=CSoundSample
          ]
      C:\Users\jmfra\Projects\Zig\Blitzkrieg\Sources\src\Misc\BasicShare.h(104,12):
      while trying to match the argument list '(const _Ty2, int)'
          with
          [
              _Ty2=CObj<CSoundSample>
          ]
      C:\Users\jmfra\Projects\Zig\Blitzkrieg\Sources\src\Misc\BasicShare.h(104,12):
      the template instantiation context (the oldest one first) is
          C:\Users\jmfra\Projects\Zig\Blitzkrieg\Sources\src\SFX\SoundManager.h(7,28):
          see reference to class template instantiation 'CBasicShare<std::string,CSoundSample,269025282,std::hash<TKey>>' being compiled
          with
          [
              TKey=std::string
          ]
          C:\Users\jmfra\Projects\Zig\Blitzkrieg\Sources\src\Misc\BasicShare.h(94,7):
          while compiling class template member function 'void CBasicShare<std::string,CSoundSample,269025282,std::hash<TKey>>::Serialize(IStructureSaver *)'
          with
          [
              TKey=std::string
          ]
              C:\Users\jmfra\Projects\Zig\Blitzkrieg\Sources\src\SFX\SoundManager.cpp(39,18):
              see the first reference to 'CBasicShare<std::string,CSoundSample,269025282,std::hash<TKey>>::Serialize' in 'CSoundManager::operator &'
          with
          [
              TKey=std::string
          ]
  
C:\Users\jmfra\Projects\Zig\Blitzkrieg\Sources\src\Misc\BasicShare.h(117,12): error C2666: 'CObj<TValue>::operator ==': overloaded functions have similar conversions
C:\Users\jmfra\Projects\Zig\Blitzkrieg\Sources\src\Misc\BasicShare.h(117,12): error C2666:         with
C:\Users\jmfra\Projects\Zig\Blitzkrieg\Sources\src\Misc\BasicShare.h(117,12): error C2666:         [
C:\Users\jmfra\Projects\Zig\Blitzkrieg\Sources\src\Misc\BasicShare.h(117,12): error C2666:             TValue=CSoundSample
C:\Users\jmfra\Projects\Zig\Blitzkrieg\Sources\src\Misc\BasicShare.h(117,12): error C2666:         ]
  (compiling source file '/SoundManager.cpp')
      C:\Users\jmfra\Projects\Zig\Blitzkrieg\Sources\src\Misc\Basic.h(590,1):
      could be 'bool CObj<TValue>::operator ==(const CObj<TValue> &) const'
          with
          [
              TValue=CSoundSample
          ]
      C:\Users\jmfra\Projects\Zig\Blitzkrieg\Sources\src\Misc\BasicShare.h(117,12):
      or       'built-in C++ operator==(TUserObj *, TUserObj *)'
          with
          [
              TUserObj=CSoundSample
          ]
      C:\Users\jmfra\Projects\Zig\Blitzkrieg\Sources\src\Misc\BasicShare.h(117,12):
      while trying to match the argument list '(const _Ty2, int)'
          with
          [
              _Ty2=CObj<CSoundSample>
          ]
  
C:\Users\jmfra\Projects\Zig\Blitzkrieg\Sources\src\Misc\BasicShare.h(139,12): error C2666: 'CObj<TValue>::operator ==': overloaded functions have similar conversions
C:\Users\jmfra\Projects\Zig\Blitzkrieg\Sources\src\Misc\BasicShare.h(139,12): error C2666:         with
C:\Users\jmfra\Projects\Zig\Blitzkrieg\Sources\src\Misc\BasicShare.h(139,12): error C2666:         [
C:\Users\jmfra\Projects\Zig\Blitzkrieg\Sources\src\Misc\BasicShare.h(139,12): error C2666:             TValue=CSoundSample
C:\Users\jmfra\Projects\Zig\Blitzkrieg\Sources\src\Misc\BasicShare.h(139,12): error C2666:         ]
  (compiling source file '/SoundManager.cpp')
      C:\Users\jmfra\Projects\Zig\Blitzkrieg\Sources\src\Misc\Basic.h(590,1):
      could be 'bool CObj<TValue>::operator ==(const CObj<TValue> &) const'
          with
          [
              TValue=CSoundSample
          ]
      C:\Users\jmfra\Projects\Zig\Blitzkrieg\Sources\src\Misc\BasicShare.h(139,12):
      or       'built-in C++ operator==(TUserObj *, TUserObj *)'
          with
          [
              TUserObj=CSoundSample
          ]
      C:\Users\jmfra\Projects\Zig\Blitzkrieg\Sources\src\Misc\BasicShare.h(139,12):
      while trying to match the argument list '(const _Ty2, int)'
          with
          [
              _Ty2=CObj<CSoundSample>
          ]
  
  SoundObjectFactory.cpp
C:\Users\jmfra\Projects\Zig\Blitzkrieg\Sources\src\Misc\BasicShare.h(67,35): error C2666: 'CObj<TValue>::operator ==': overloaded functions have similar conversions
C:\Users\jmfra\Projects\Zig\Blitzkrieg\Sources\src\Misc\BasicShare.h(67,35): error C2666:         with
C:\Users\jmfra\Projects\Zig\Blitzkrieg\Sources\src\Misc\BasicShare.h(67,35): error C2666:         [
C:\Users\jmfra\Projects\Zig\Blitzkrieg\Sources\src\Misc\BasicShare.h(67,35): error C2666:             TValue=CSoundSample
C:\Users\jmfra\Projects\Zig\Blitzkrieg\Sources\src\Misc\BasicShare.h(67,35): error C2666:         ]
  (compiling source file '/SoundObjectFactory.cpp')
      C:\Users\jmfra\Projects\Zig\Blitzkrieg\Sources\src\Misc\Basic.h(590,1):
      could be 'bool CObj<TValue>::operator ==(const CObj<TValue> &) const'
          with
          [
              TValue=CSoundSample
          ]
      C:\Users\jmfra\Projects\Zig\Blitzkrieg\Sources\src\Misc\BasicShare.h(67,35):
      or       'built-in C++ operator==(TUserObj *, TUserObj *)'
          with
          [
              TUserObj=CSoundSample
          ]
      C:\Users\jmfra\Projects\Zig\Blitzkrieg\Sources\src\Misc\BasicShare.h(67,35):
      while trying to match the argument list '(_Ty2, int)'
          with
          [
              _Ty2=CObj<CSoundSample>
          ]
      C:\Users\jmfra\Projects\Zig\Blitzkrieg\Sources\src\Misc\BasicShare.h(67,35):
      the template instantiation context (the oldest one first) is
          C:\Users\jmfra\Projects\Zig\Blitzkrieg\Sources\src\SFX\SoundManager.h(7,28):
          see reference to class template instantiation 'CBasicShare<std::string,CSoundSample,269025282,std::hash<TKey>>' being compiled
          with
          [
              TKey=std::string
          ]
          C:\Users\jmfra\Projects\Zig\Blitzkrieg\Sources\src\Misc\BasicShare.h(64,10):
          while compiling class template member function 'TValue *CBasicShare<std::string,TValue,269025282,std::hash<TKey>>::Get(const TKey &)'
          with
          [
              TValue=CSoundSample,
              TKey=std::string
          ]
              C:\Users\jmfra\Projects\Zig\Blitzkrieg\Sources\src\SFX\SoundManager.h(46,53):
              see the first reference to 'CBasicShare<std::string,CSoundSample,269025282,std::hash<TKey>>::Get' in 'CSoundManager::GetSample2D'
          with
          [
              TKey=std::string
          ]
  
  SoundsSerialize.cpp
  StreamFadeOff.cpp
  StreamingSound.cpp
  Generating Code...
