  StdAfx.cpp
  GlobalsLoader.cpp
  MaskManager.cpp
C:\Users\jmfra\Projects\Zig\Blitzkrieg\Sources\src\Misc\BasicShare.h(104,12): error C2666: 'CObj<TValue>::operator ==': overloaded functions have similar conversions
C:\Users\jmfra\Projects\Zig\Blitzkrieg\Sources\src\Misc\BasicShare.h(104,12): error C2666:         with
C:\Users\jmfra\Projects\Zig\Blitzkrieg\Sources\src\Misc\BasicShare.h(104,12): error C2666:         [
C:\Users\jmfra\Projects\Zig\Blitzkrieg\Sources\src\Misc\BasicShare.h(104,12): error C2666:             TValue=CUIMask
C:\Users\jmfra\Projects\Zig\Blitzkrieg\Sources\src\Misc\BasicShare.h(104,12): error C2666:         ]
  (compiling source file '/MaskManager.cpp')
      C:\Users\jmfra\Projects\Zig\Blitzkrieg\Sources\src\Misc\Basic.h(590,1):
      could be 'bool CObj<TValue>::operator ==(const CObj<TValue> &) const'
          with
          [
              TValue=CUIMask
          ]
      C:\Users\jmfra\Projects\Zig\Blitzkrieg\Sources\src\Misc\BasicShare.h(104,12):
      or       'built-in C++ operator==(TUserObj *, TUserObj *)'
          with
          [
              TUserObj=CUIMask
          ]
      C:\Users\jmfra\Projects\Zig\Blitzkrieg\Sources\src\Misc\BasicShare.h(104,12):
      while trying to match the argument list '(const _Ty2, int)'
          with
          [
              _Ty2=CObj<CUIMask>
          ]
      C:\Users\jmfra\Projects\Zig\Blitzkrieg\Sources\src\Misc\BasicShare.h(104,12):
      the template instantiation context (the oldest one first) is
          C:\Users\jmfra\Projects\Zig\Blitzkrieg\Sources\src\UI\MaskManager.h(8,1):
          see reference to class template instantiation 'CBasicShare<std::string,CUIMask,269221890,std::hash<TKey>>' being compiled
          with
          [
              TKey=std::string
          ]
          C:\Users\jmfra\Projects\Zig\Blitzkrieg\Sources\src\Misc\BasicShare.h(94,7):
          while compiling class template member function 'void CBasicShare<std::string,CUIMask,269221890,std::hash<TKey>>::Serialize(IStructureSaver *)'
          with
          [
              TKey=std::string
          ]
              C:\Users\jmfra\Projects\Zig\Blitzkrieg\Sources\src\UI\MaskManager.cpp(31,21):
              see the first reference to 'CBasicShare<std::string,CUIMask,269221890,std::hash<TKey>>::Serialize' in 'CMaskManager::operator &'
          with
          [
              TKey=std::string
          ]
  
C:\Users\jmfra\Projects\Zig\Blitzkrieg\Sources\src\Misc\BasicShare.h(117,12): error C2666: 'CObj<TValue>::operator ==': overloaded functions have similar conversions
C:\Users\jmfra\Projects\Zig\Blitzkrieg\Sources\src\Misc\BasicShare.h(117,12): error C2666:         with
C:\Users\jmfra\Projects\Zig\Blitzkrieg\Sources\src\Misc\BasicShare.h(117,12): error C2666:         [
C:\Users\jmfra\Projects\Zig\Blitzkrieg\Sources\src\Misc\BasicShare.h(117,12): error C2666:             TValue=CUIMask
C:\Users\jmfra\Projects\Zig\Blitzkrieg\Sources\src\Misc\BasicShare.h(117,12): error C2666:         ]
  (compiling source file '/MaskManager.cpp')
      C:\Users\jmfra\Projects\Zig\Blitzkrieg\Sources\src\Misc\Basic.h(590,1):
      could be 'bool CObj<TValue>::operator ==(const CObj<TValue> &) const'
          with
          [
              TValue=CUIMask
          ]
      C:\Users\jmfra\Projects\Zig\Blitzkrieg\Sources\src\Misc\BasicShare.h(117,12):
      or       'built-in C++ operator==(TUserObj *, TUserObj *)'
          with
          [
              TUserObj=CUIMask
          ]
      C:\Users\jmfra\Projects\Zig\Blitzkrieg\Sources\src\Misc\BasicShare.h(117,12):
      while trying to match the argument list '(const _Ty2, int)'
          with
          [
              _Ty2=CObj<CUIMask>
          ]
  
C:\Users\jmfra\Projects\Zig\Blitzkrieg\Sources\src\Misc\BasicShare.h(139,12): error C2666: 'CObj<TValue>::operator ==': overloaded functions have similar conversions
C:\Users\jmfra\Projects\Zig\Blitzkrieg\Sources\src\Misc\BasicShare.h(139,12): error C2666:         with
C:\Users\jmfra\Projects\Zig\Blitzkrieg\Sources\src\Misc\BasicShare.h(139,12): error C2666:         [
C:\Users\jmfra\Projects\Zig\Blitzkrieg\Sources\src\Misc\BasicShare.h(139,12): error C2666:             TValue=CUIMask
C:\Users\jmfra\Projects\Zig\Blitzkrieg\Sources\src\Misc\BasicShare.h(139,12): error C2666:         ]
  (compiling source file '/MaskManager.cpp')
      C:\Users\jmfra\Projects\Zig\Blitzkrieg\Sources\src\Misc\Basic.h(590,1):
      could be 'bool CObj<TValue>::operator ==(const CObj<TValue> &) const'
          with
          [
              TValue=CUIMask
          ]
      C:\Users\jmfra\Projects\Zig\Blitzkrieg\Sources\src\Misc\BasicShare.h(139,12):
      or       'built-in C++ operator==(TUserObj *, TUserObj *)'
          with
          [
              TUserObj=CUIMask
          ]
      C:\Users\jmfra\Projects\Zig\Blitzkrieg\Sources\src\Misc\BasicShare.h(139,12):
      while trying to match the argument list '(const _Ty2, int)'
          with
          [
              _Ty2=CObj<CUIMask>
          ]
  
  UIBasic.cpp
C:\Users\jmfra\Projects\Zig\Blitzkrieg\Sources\src\Misc\Manipulator.h(309,9): error C2666: 'CPtr<CMultiManipulator>::operator ==': overloaded functions have similar conversions
  (compiling source file '/UIBasic.cpp')
      C:\Users\jmfra\Projects\Zig\Blitzkrieg\Sources\src\Misc\Basic.h(588,1):
      could be 'bool CPtr<CMultiManipulator>::operator ==(const CPtr<CMultiManipulator> &) const'
      C:\Users\jmfra\Projects\Zig\Blitzkrieg\Sources\src\Misc\Manipulator.h(309,9):
      or       'built-in C++ operator==(TUserObj *, TUserObj *)'
          with
          [
              TUserObj=CMultiManipulator
          ]
      C:\Users\jmfra\Projects\Zig\Blitzkrieg\Sources\src\Misc\Manipulator.h(309,9):
      while trying to match the argument list '(CPtr<CMultiManipulator>, int)'
  
  UIBasicM.cpp
C:\Users\jmfra\Projects\Zig\Blitzkrieg\Sources\src\Misc\Manipulator.h(309,9): error C2666: 'CPtr<CMultiManipulator>::operator ==': overloaded functions have similar conversions
  (compiling source file '/UIBasicM.cpp')
      C:\Users\jmfra\Projects\Zig\Blitzkrieg\Sources\src\Misc\Basic.h(588,1):
      could be 'bool CPtr<CMultiManipulator>::operator ==(const CPtr<CMultiManipulator> &) const'
      C:\Users\jmfra\Projects\Zig\Blitzkrieg\Sources\src\Misc\Manipulator.h(309,9):
      or       'built-in C++ operator==(TUserObj *, TUserObj *)'
          with
          [
              TUserObj=CMultiManipulator
          ]
      C:\Users\jmfra\Projects\Zig\Blitzkrieg\Sources\src\Misc\Manipulator.h(309,9):
      while trying to match the argument list '(CPtr<CMultiManipulator>, int)'
  
  UIButton.cpp
  UIColorTextScroll.cpp
  UIComboBox.cpp
  UIComplexScroll.cpp
  UIConsole.cpp
  UICreditsScroller.cpp
  UIDialog.cpp
  UIEdit.cpp
  UIInternal.cpp
C:\Users\jmfra\Projects\Zig\Blitzkrieg\Sources\src\Misc\Manipulator.h(309,9): error C2666: 'CPtr<CMultiManipulator>::operator ==': overloaded functions have similar conversions
  (compiling source file '/UIInternal.cpp')
      C:\Users\jmfra\Projects\Zig\Blitzkrieg\Sources\src\Misc\Basic.h(588,1):
      could be 'bool CPtr<CMultiManipulator>::operator ==(const CPtr<CMultiManipulator> &) const'
      C:\Users\jmfra\Projects\Zig\Blitzkrieg\Sources\src\Misc\Manipulator.h(309,9):
      or       'built-in C++ operator==(TUserObj *, TUserObj *)'
          with
          [
              TUserObj=CMultiManipulator
          ]
      C:\Users\jmfra\Projects\Zig\Blitzkrieg\Sources\src\Misc\Manipulator.h(309,9):
      while trying to match the argument list '(CPtr<CMultiManipulator>, int)'
  
C:\Users\jmfra\Projects\Zig\Blitzkrieg\Sources\src\UI\UIInternal.cpp(57,8): error C2666: 'CPtr<IUIMask>::operator !=': overloaded functions have similar conversions
  (compiling source file '/UIInternal.cpp')
      C:\Users\jmfra\Projects\Zig\Blitzkrieg\Sources\src\Misc\Basic.h(588,1):
      could be 'bool CPtr<IUIMask>::operator !=(const CPtr<IUIMask> &) const'
      C:\Users\jmfra\Projects\Zig\Blitzkrieg\Sources\src\UI\UIInternal.cpp(57,8):
      or       'built-in C++ operator!=(TUserObj *, TUserObj *)'
          with
          [
              TUserObj=IUIMask
          ]
      C:\Users\jmfra\Projects\Zig\Blitzkrieg\Sources\src\UI\UIInternal.cpp(57,8):
      while trying to match the argument list '(CPtr<IUIMask>, int)'
  
C:\Users\jmfra\Projects\Zig\Blitzkrieg\Sources\src\UI\UIInternal.cpp(256,7): error C2666: 'CPtr<IGFXTexture>::operator ==': overloaded functions have similar conversions
  (compiling source file '/UIInternal.cpp')
      C:\Users\jmfra\Projects\Zig\Blitzkrieg\Sources\src\Misc\Basic.h(588,1):
      could be 'bool CPtr<IGFXTexture>::operator ==(const CPtr<IGFXTexture> &) const'
      C:\Users\jmfra\Projects\Zig\Blitzkrieg\Sources\src\UI\UIInternal.cpp(256,7):
      or       'built-in C++ operator==(TUserObj *, TUserObj *)'
          with
          [
              TUserObj=IGFXTexture
          ]
      C:\Users\jmfra\Projects\Zig\Blitzkrieg\Sources\src\UI\UIInternal.cpp(256,7):
      while trying to match the argument list '(CPtr<IGFXTexture>, int)'
  
  UIInternalM.cpp
C:\Users\jmfra\Projects\Zig\Blitzkrieg\Sources\src\Misc\Manipulator.h(309,9): error C2666: 'CPtr<CMultiManipulator>::operator ==': overloaded functions have similar conversions
  (compiling source file '/UIInternalM.cpp')
      C:\Users\jmfra\Projects\Zig\Blitzkrieg\Sources\src\Misc\Basic.h(588,1):
      could be 'bool CPtr<CMultiManipulator>::operator ==(const CPtr<CMultiManipulator> &) const'
      C:\Users\jmfra\Projects\Zig\Blitzkrieg\Sources\src\Misc\Manipulator.h(309,9):
      or       'built-in C++ operator==(TUserObj *, TUserObj *)'
          with
          [
              TUserObj=CMultiManipulator
          ]
      C:\Users\jmfra\Projects\Zig\Blitzkrieg\Sources\src\Misc\Manipulator.h(309,9):
      while trying to match the argument list '(CPtr<CMultiManipulator>, int)'
  
  UIList.cpp
  UIListSorter.cpp
  UIMask.cpp
C:\Users\jmfra\Projects\Zig\Blitzkrieg\Sources\src\UI\UIMask.cpp(9,7): error C2666: 'CPtr<IDataStream>::operator ==': overloaded functions have similar conversions
  (compiling source file '/UIMask.cpp')
      C:\Users\jmfra\Projects\Zig\Blitzkrieg\Sources\src\Misc\Basic.h(588,1):
      could be 'bool CPtr<IDataStream>::operator ==(const CPtr<IDataStream> &) const'
      C:\Users\jmfra\Projects\Zig\Blitzkrieg\Sources\src\UI\UIMask.cpp(9,7):
      or       'built-in C++ operator==(TUserObj *, TUserObj *)'
          with
          [
              TUserObj=IDataStream
          ]
      C:\Users\jmfra\Projects\Zig\Blitzkrieg\Sources\src\UI\UIMask.cpp(9,7):
      while trying to match the argument list '(CPtr<IDataStream>, int)'
  
C:\Users\jmfra\Projects\Zig\Blitzkrieg\Sources\src\UI\UIMask.cpp(13,7): error C2666: 'CPtr<TImage>::operator ==': overloaded functions have similar conversions
C:\Users\jmfra\Projects\Zig\Blitzkrieg\Sources\src\UI\UIMask.cpp(13,7): error C2666:         with
C:\Users\jmfra\Projects\Zig\Blitzkrieg\Sources\src\UI\UIMask.cpp(13,7): error C2666:         [
C:\Users\jmfra\Projects\Zig\Blitzkrieg\Sources\src\UI\UIMask.cpp(13,7): error C2666:             TImage=IImage
C:\Users\jmfra\Projects\Zig\Blitzkrieg\Sources\src\UI\UIMask.cpp(13,7): error C2666:         ]
  (compiling source file '/UIMask.cpp')
      C:\Users\jmfra\Projects\Zig\Blitzkrieg\Sources\src\Misc\Basic.h(588,1):
      could be 'bool CPtr<TImage>::operator ==(const CPtr<TImage> &) const'
          with
          [
              TImage=IImage
          ]
      C:\Users\jmfra\Projects\Zig\Blitzkrieg\Sources\src\UI\UIMask.cpp(13,7):
      or       'built-in C++ operator==(TUserObj *, TUserObj *)'
          with
          [
              TUserObj=IImage
          ]
      C:\Users\jmfra\Projects\Zig\Blitzkrieg\Sources\src\UI\UIMask.cpp(13,7):
      while trying to match the argument list '(CPtr<TImage>, int)'
          with
          [
              TImage=IImage
          ]
  
  UIMedals.cpp
  UIMessageBox.cpp
  UIMiniMap.cpp
C:\Users\jmfra\Projects\Zig\Blitzkrieg\Sources\src\RandomMapGen\Resource_Types.h(18,9): error C2666: 'CPtr<IDataStream>::operator ==': overloaded functions have similar conversions
  (compiling source file '/UIMiniMap.cpp')
      C:\Users\jmfra\Projects\Zig\Blitzkrieg\Sources\src\Misc\Basic.h(588,1):
      could be 'bool CPtr<IDataStream>::operator ==(const CPtr<IDataStream> &) const'
      C:\Users\jmfra\Projects\Zig\Blitzkrieg\Sources\src\RandomMapGen\Resource_Types.h(18,9):
      or       'built-in C++ operator==(TUserObj *, TUserObj *)'
          with
          [
              TUserObj=IDataStream
          ]
      C:\Users\jmfra\Projects\Zig\Blitzkrieg\Sources\src\RandomMapGen\Resource_Types.h(18,9):
      while trying to match the argument list '(CPtr<IDataStream>, int)'
      C:\Users\jmfra\Projects\Zig\Blitzkrieg\Sources\src\RandomMapGen\Resource_Types.h(18,9):
      the template instantiation context (the oldest one first) is
          C:\Users\jmfra\Projects\Zig\Blitzkrieg\Sources\src\UI\UIMiniMap.cpp(544,2):
          see reference to function template instantiation 'bool LoadDataResource<std::unordered_map<std::string,STextureMarker,std::hash<std::string>,std::equal_to<std::string>,std::allocator<std::pair<const std::string,STextureMarker>>>>(const std::string &,const std::string &,bool,int,const std::string &,Type &)' being compiled
          with
          [
              Type=std::unordered_map<std::string,STextureMarker,std::hash<std::string>,std::equal_to<std::string>,std::allocator<std::pair<const std::string,STextureMarker>>>
          ]
  
C:\Users\jmfra\Projects\Zig\Blitzkrieg\Sources\src\RandomMapGen\Resource_Types.h(29,9): error C2666: 'CPtr<IDataStream>::operator ==': overloaded functions have similar conversions
  (compiling source file '/UIMiniMap.cpp')
      C:\Users\jmfra\Projects\Zig\Blitzkrieg\Sources\src\Misc\Basic.h(588,1):
      could be 'bool CPtr<IDataStream>::operator ==(const CPtr<IDataStream> &) const'
      C:\Users\jmfra\Projects\Zig\Blitzkrieg\Sources\src\RandomMapGen\Resource_Types.h(29,9):
      or       'built-in C++ operator==(TUserObj *, TUserObj *)'
          with
          [
              TUserObj=IDataStream
          ]
      C:\Users\jmfra\Projects\Zig\Blitzkrieg\Sources\src\RandomMapGen\Resource_Types.h(29,9):
      while trying to match the argument list '(CPtr<IDataStream>, int)'
  
  Generating Code...
  Compiling...
  UINumberIndicator.cpp
  UIObjMap.cpp
  UIObjectFactory.cpp
C:\Users\jmfra\Projects\Zig\Blitzkrieg\Sources\src\Misc\BasicShare.h(67,35): error C2666: 'CObj<TValue>::operator ==': overloaded functions have similar conversions
C:\Users\jmfra\Projects\Zig\Blitzkrieg\Sources\src\Misc\BasicShare.h(67,35): error C2666:         with
C:\Users\jmfra\Projects\Zig\Blitzkrieg\Sources\src\Misc\BasicShare.h(67,35): error C2666:         [
C:\Users\jmfra\Projects\Zig\Blitzkrieg\Sources\src\Misc\BasicShare.h(67,35): error C2666:             TValue=CUIMask
C:\Users\jmfra\Projects\Zig\Blitzkrieg\Sources\src\Misc\BasicShare.h(67,35): error C2666:         ]
  (compiling source file '/UIObjectFactory.cpp')
      C:\Users\jmfra\Projects\Zig\Blitzkrieg\Sources\src\Misc\Basic.h(590,1):
      could be 'bool CObj<TValue>::operator ==(const CObj<TValue> &) const'
          with
          [
              TValue=CUIMask
          ]
      C:\Users\jmfra\Projects\Zig\Blitzkrieg\Sources\src\Misc\BasicShare.h(67,35):
      or       'built-in C++ operator==(TUserObj *, TUserObj *)'
          with
          [
              TUserObj=CUIMask
          ]
      C:\Users\jmfra\Projects\Zig\Blitzkrieg\Sources\src\Misc\BasicShare.h(67,35):
      while trying to match the argument list '(_Ty2, int)'
          with
          [
              _Ty2=CObj<CUIMask>
          ]
      C:\Users\jmfra\Projects\Zig\Blitzkrieg\Sources\src\Misc\BasicShare.h(67,35):
      the template instantiation context (the oldest one first) is
          C:\Users\jmfra\Projects\Zig\Blitzkrieg\Sources\src\UI\MaskManager.h(8,1):
          see reference to class template instantiation 'CBasicShare<std::string,CUIMask,269221890,std::hash<std::string>>' being compiled
          C:\Users\jmfra\Projects\Zig\Blitzkrieg\Sources\src\Misc\BasicShare.h(64,10):
          while compiling class template member function 'TValue *CBasicShare<std::string,TValue,269221890,std::hash<std::string>>::Get(const TKey &)'
          with
          [
              TValue=CUIMask,
              TKey=std::string
          ]
              C:\Users\jmfra\Projects\Zig\Blitzkrieg\Sources\src\UI\MaskManager.h(25,59):
              see the first reference to 'CBasicShare<std::string,CUIMask,269221890,std::hash<std::string>>::Get' in 'CMaskManager::GetMask'
  
  UIObjectiveScreen.cpp
C:\Users\jmfra\Projects\Zig\Blitzkrieg\Sources\src\UI\UIObjectiveScreen.cpp(146,8): error C2666: 'CPtr<IText>::operator ==': overloaded functions have similar conversions
  (compiling source file '/UIObjectiveScreen.cpp')
      C:\Users\jmfra\Projects\Zig\Blitzkrieg\Sources\src\Misc\Basic.h(588,1):
      could be 'bool CPtr<IText>::operator ==(const CPtr<IText> &) const'
      C:\Users\jmfra\Projects\Zig\Blitzkrieg\Sources\src\UI\UIObjectiveScreen.cpp(146,8):
      or       'built-in C++ operator==(TUserObj *, TUserObj *)'
          with
          [
              TUserObj=IText
          ]
      C:\Users\jmfra\Projects\Zig\Blitzkrieg\Sources\src\UI\UIObjectiveScreen.cpp(146,8):
      while trying to match the argument list '(CPtr<IText>, int)'
  
  UIScreen.cpp
  UIScrollText.cpp
  UIShortcutBar.cpp
  UISlider.cpp
  UIStatusBar.cpp
  UITimeCounter.cpp
  UITree.cpp
  UIVideoButton.cpp
  Generating Code...
