  StdAfx.cpp
  CommonFileSystem.cpp
  ConsoleBuffer.cpp
  DataBase.cpp
  DataTableXML.cpp
  DataTreeXML.cpp
  FileSystem.cpp
  GlobalVarsInternal.cpp
  GlobalsLoader.cpp
  IniFile.cpp
  MemFileSystem.cpp
C:\Users\jmfra\Projects\Zig\Blitzkrieg\Sources\src\StreamIO\MemFileSystem.cpp(187,7): error C2666: 'CPtr<IDataStream>::operator !=': overloaded functions have similar conversions
  (compiling source file '/MemFileSystem.cpp')
      C:\Users\jmfra\Projects\Zig\Blitzkrieg\Sources\src\Misc\Basic.h(588,1):
      could be 'bool CPtr<IDataStream>::operator !=(const CPtr<IDataStream> &) const'
      C:\Users\jmfra\Projects\Zig\Blitzkrieg\Sources\src\StreamIO\MemFileSystem.cpp(187,7):
      or       'built-in C++ operator!=(TUserObj *, TUserObj *)'
          with
          [
              TUserObj=IDataStream
          ]
      C:\Users\jmfra\Projects\Zig\Blitzkrieg\Sources\src\StreamIO\MemFileSystem.cpp(187,7):
      while trying to match the argument list '(CPtr<IDataStream>, int)'
  
  ModFileSystem.cpp
  OptionSystemInternal.cpp
  RandomGenInternal.cpp
  SaveLoadSystem.cpp
  Singleton.cpp
  StreamIOObjectFactory.cpp
  Streams.cpp
  StructureSaver2.cpp
  ZipFile.cpp
  ZipFileSystem.cpp
  Generating Code...
