c:\users\jmfra\projects\zig\blitzkrieg\sources\src\formats\release\formats.pch
c:\users\jmfra\projects\zig\blitzkrieg\sources\src\formats\release\formats.pdb
c:\users\jmfra\projects\zig\blitzkrieg\sources\src\formats\release\stdafx.obj
c:\users\jmfra\projects\zig\blitzkrieg\sources\src\formats\release\fmtvso.obj
c:\users\jmfra\projects\zig\blitzkrieg\sources\src\formats\release\fmtunitcreation.obj
c:\users\jmfra\projects\zig\blitzkrieg\sources\src\formats\release\fmtterrain.obj
c:\users\jmfra\projects\zig\blitzkrieg\sources\src\formats\release\fmtsprite.obj
c:\users\jmfra\projects\zig\blitzkrieg\sources\src\formats\release\fmtsound.obj
c:\users\jmfra\projects\zig\blitzkrieg\sources\src\formats\release\fmtmesh.obj
c:\users\jmfra\projects\zig\blitzkrieg\sources\src\formats\release\fmtmap.obj
c:\users\jmfra\projects\zig\blitzkrieg\sources\src\formats\release\fmtfont.obj
c:\users\jmfra\projects\zig\blitzkrieg\sources\src\formats\release\fmteffect.obj
c:\users\jmfra\projects\zig\blitzkrieg\sources\src\formats\release\fmtanimation.obj
c:\users\jmfra\projects\zig\blitzkrieg\sources\src\formats\release\fmtaigeneral.obj
c:\users\jmfra\projects\zig\blitzkrieg\sources\src\formats\release\formats.lib
c:\users\jmfra\projects\zig\blitzkrieg\sources\src\formats\release\formats.tlog\cl.command.1.tlog
c:\users\jmfra\projects\zig\blitzkrieg\sources\src\formats\release\formats.tlog\cl.items.tlog
c:\users\jmfra\projects\zig\blitzkrieg\sources\src\formats\release\formats.tlog\cl.read.1.tlog
c:\users\jmfra\projects\zig\blitzkrieg\sources\src\formats\release\formats.tlog\cl.write.1.tlog
c:\users\jmfra\projects\zig\blitzkrieg\sources\src\formats\release\formats.tlog\lib-link.read.1.tlog
c:\users\jmfra\projects\zig\blitzkrieg\sources\src\formats\release\formats.tlog\lib-link.write.1.tlog
c:\users\jmfra\projects\zig\blitzkrieg\sources\src\formats\release\formats.tlog\lib.command.1.tlog
